[2026-04-10 10:38:20] local.ERROR: SQLSTATE[23000]: Integrity constraint violation: 1062 Duplicate entry 'admin@rideshare.cm' for key 'users.users_email_unique' (Connection: mysql, SQL: insert into `users` (`name`, `email`, `password`, `phone`, `role`, `is_verified`, `phone_verified`, `updated_at`, `created_at`) values (Admin Rideshare, admin@rideshare.cm, $2y$12$qF6lai3E6oJtnGkH3eg9he6dxOKg/xeOsLwGJZSzHco.2DKaSz3bS, 699000000, admin, 1, 1, 2026-04-10 10:38:20, 2026-04-10 10:38:20)) {"exception":"[object] (Illuminate\\Database\\UniqueConstraintViolationException(code: 23000): SQLSTATE[23000]: Integrity constraint violation: 1062 Duplicate entry 'admin@rideshare.cm' for key 'users.users_email_unique' (Connection: mysql, SQL: insert into `users` (`name`, `email`, `password`, `phone`, `role`, `is_verified`, `phone_verified`, `updated_at`, `created_at`) values (Admin Rideshare, admin@rideshare.cm, $2y$12$qF6lai3E6oJtnGkH3eg9he6dxOKg/xeOsLwGJZSzHco.2DKaSz3bS, 699000000, admin, 1, 1, 2026-04-10 10:38:20, 2026-04-10 10:38:20)) at /Users/seb/dev/Cocars-main/cocar-backend/vendor/laravel/framework/src/Illuminate/Database/Connection.php:820)
[stacktrace]
#0 /Users/seb/dev/Cocars-main/cocar-backend/vendor/laravel/framework/src/Illuminate/Database/Connection.php(779): Illuminate\\Database\\Connection->runQueryCallback()
#1 /Users/seb/dev/Cocars-main/cocar-backend/vendor/laravel/framework/src/Illuminate/Database/MySqlConnection.php(42): Illuminate\\Database\\Connection->run()
#2 /Users/seb/dev/Cocars-main/cocar-backend/vendor/laravel/framework/src/Illuminate/Database/Query/Processors/MySqlProcessor.php(35): Illuminate\\Database\\MySqlConnection->insert()
#3 /Users/seb/dev/Cocars-main/cocar-backend/vendor/laravel/framework/src/Illuminate/Database/Query/Builder.php(3766): Illuminate\\Database\\Query\\Processors\\MySqlProcessor->processInsertGetId()
#4 /Users/seb/dev/Cocars-main/cocar-backend/vendor/laravel/framework/src/Illuminate/Database/Eloquent/Builder.php(2120): Illuminate\\Database\\Query\\Builder->insertGetId()
#5 /Users/seb/dev/Cocars-main/cocar-backend/vendor/laravel/framework/src/Illuminate/Database/Eloquent/Model.php(1359): Illuminate\\Database\\Eloquent\\Builder->__call()
#6 /Users/seb/dev/Cocars-main/cocar-backend/vendor/laravel/framework/src/Illuminate/Database/Eloquent/Model.php(1324): Illuminate\\Database\\Eloquent\\Model->insertAndSetId()
#7 /Users/seb/dev/Cocars-main/cocar-backend/vendor/laravel/framework/src/Illuminate/Database/Eloquent/Model.php(1163): Illuminate\\Database\\Eloquent\\Model->performInsert()
#8 /Users/seb/dev/Cocars-main/cocar-backend/vendor/laravel/framework/src/Illuminate/Database/Eloquent/Builder.php(1128): Illuminate\\Database\\Eloquent\\Model->save()
#9 /Users/seb/dev/Cocars-main/cocar-backend/vendor/laravel/framework/src/Illuminate/Support/helpers.php(399): Illuminate\\Database\\Eloquent\\Builder->Illuminate\\Database\\Eloquent\\{closure}()
#10 /Users/seb/dev/Cocars-main/cocar-backend/vendor/laravel/framework/src/Illuminate/Database/Eloquent/Builder.php(1127): tap()
#11 /Users/seb/dev/Cocars-main/cocar-backend/vendor/laravel/framework/src/Illuminate/Support/Traits/ForwardsCalls.php(23): Illuminate\\Database\\Eloquent\\Builder->create()
#12 /Users/seb/dev/Cocars-main/cocar-backend/vendor/laravel/framework/src/Illuminate/Database/Eloquent/Model.php(2372): Illuminate\\Database\\Eloquent\\Model->forwardCallTo()
#13 /Users/seb/dev/Cocars-main/cocar-backend/vendor/laravel/framework/src/Illuminate/Database/Eloquent/Model.php(2384): Illuminate\\Database\\Eloquent\\Model->__call()
#14 /Users/seb/dev/Cocars-main/cocar-backend/database/seeders/DatabaseSeeder.php(18): Illuminate\\Database\\Eloquent\\Model::__callStatic()
#15 /Users/seb/dev/Cocars-main/cocar-backend/vendor/laravel/framework/src/Illuminate/Container/BoundMethod.php(36): Database\\Seeders\\DatabaseSeeder->run()
#16 /Users/seb/dev/Cocars-main/cocar-backend/vendor/laravel/framework/src/Illuminate/Container/Util.php(43): Illuminate\\Container\\BoundMethod::Illuminate\\Container\\{closure}()
#17 /Users/seb/dev/Cocars-main/cocar-backend/vendor/laravel/framework/src/Illuminate/Container/BoundMethod.php(95): Illuminate\\Container\\Util::unwrapIfClosure()
#18 /Users/seb/dev/Cocars-main/cocar-backend/vendor/laravel/framework/src/Illuminate/Container/BoundMethod.php(35): Illuminate\\Container\\BoundMethod::callBoundMethod()
#19 /Users/seb/dev/Cocars-main/cocar-backend/vendor/laravel/framework/src/Illuminate/Container/Container.php(696): Illuminate\\Container\\BoundMethod::call()
#20 /Users/seb/dev/Cocars-main/cocar-backend/vendor/laravel/framework/src/Illuminate/Database/Seeder.php(188): Illuminate\\Container\\Container->call()
#21 /Users/seb/dev/Cocars-main/cocar-backend/vendor/laravel/framework/src/Illuminate/Database/Seeder.php(197): Illuminate\\Database\\Seeder->Illuminate\\Database\\{closure}()
#22 /Users/seb/dev/Cocars-main/cocar-backend/vendor/laravel/framework/src/Illuminate/Database/Console/Seeds/SeedCommand.php(70): Illuminate\\Database\\Seeder->__invoke()
#23 /Users/seb/dev/Cocars-main/cocar-backend/vendor/laravel/framework/src/Illuminate/Database/Eloquent/Concerns/GuardsAttributes.php(155): Illuminate\\Database\\Console\\Seeds\\SeedCommand->Illuminate\\Database\\Console\\Seeds\\{closure}()
#24 /Users/seb/dev/Cocars-main/cocar-backend/vendor/laravel/framework/src/Illuminate/Database/Console/Seeds/SeedCommand.php(69): Illuminate\\Database\\Eloquent\\Model::unguarded()
#25 /Users/seb/dev/Cocars-main/cocar-backend/vendor/laravel/framework/src/Illuminate/Container/BoundMethod.php(36): Illuminate\\Database\\Console\\Seeds\\SeedCommand->handle()
#26 /Users/seb/dev/Cocars-main/cocar-backend/vendor/laravel/framework/src/Illuminate/Container/Util.php(43): Illuminate\\Container\\BoundMethod::Illuminate\\Container\\{closure}()
#27 /Users/seb/dev/Cocars-main/cocar-backend/vendor/laravel/framework/src/Illuminate/Container/BoundMethod.php(95): Illuminate\\Container\\Util::unwrapIfClosure()
#28 /Users/seb/dev/Cocars-main/cocar-backend/vendor/laravel/framework/src/Illuminate/Container/BoundMethod.php(35): Illuminate\\Container\\BoundMethod::callBoundMethod()
#29 /Users/seb/dev/Cocars-main/cocar-backend/vendor/laravel/framework/src/Illuminate/Container/Container.php(696): Illuminate\\Container\\BoundMethod::call()
#30 /Users/seb/dev/Cocars-main/cocar-backend/vendor/laravel/framework/src/Illuminate/Console/Command.php(213): Illuminate\\Container\\Container->call()
#31 /Users/seb/dev/Cocars-main/cocar-backend/vendor/symfony/console/Command/Command.php(341): Illuminate\\Console\\Command->execute()
#32 /Users/seb/dev/Cocars-main/cocar-backend/vendor/laravel/framework/src/Illuminate/Console/Command.php(182): Symfony\\Component\\Console\\Command\\Command->run()
#33 /Users/seb/dev/Cocars-main/cocar-backend/vendor/symfony/console/Application.php(1102): Illuminate\\Console\\Command->run()
#34 /Users/seb/dev/Cocars-main/cocar-backend/vendor/symfony/console/Application.php(356): Symfony\\Component\\Console\\Application->doRunCommand()
#35 /Users/seb/dev/Cocars-main/cocar-backend/vendor/symfony/console/Application.php(195): Symfony\\Component\\Console\\Application->doRun()
#36 /Users/seb/dev/Cocars-main/cocar-backend/vendor/laravel/framework/src/Illuminate/Foundation/Console/Kernel.php(198): Symfony\\Component\\Console\\Application->run()
#37 /Users/seb/dev/Cocars-main/cocar-backend/artisan(12): Illuminate\\Foundation\\Console\\Kernel->handle()
#38 {main}

[previous exception] [object] (PDOException(code: 23000): SQLSTATE[23000]: Integrity constraint violation: 1062 Duplicate entry 'admin@rideshare.cm' for key 'users.users_email_unique' at /Users/seb/dev/Cocars-main/cocar-backend/vendor/laravel/framework/src/Illuminate/Database/MySqlConnection.php:53)
[stacktrace]
#0 /Users/seb/dev/Cocars-main/cocar-backend/vendor/laravel/framework/src/Illuminate/Database/MySqlConnection.php(53): PDOStatement->execute()
#1 /Users/seb/dev/Cocars-main/cocar-backend/vendor/laravel/framework/src/Illuminate/Database/Connection.php(812): Illuminate\\Database\\MySqlConnection->Illuminate\\Database\\{closure}()
#2 /Users/seb/dev/Cocars-main/cocar-backend/vendor/laravel/framework/src/Illuminate/Database/Connection.php(779): Illuminate\\Database\\Connection->runQueryCallback()
#3 /Users/seb/dev/Cocars-main/cocar-backend/vendor/laravel/framework/src/Illuminate/Database/MySqlConnection.php(42): Illuminate\\Database\\Connection->run()
#4 /Users/seb/dev/Cocars-main/cocar-backend/vendor/laravel/framework/src/Illuminate/Database/Query/Processors/MySqlProcessor.php(35): Illuminate\\Database\\MySqlConnection->insert()
#5 /Users/seb/dev/Cocars-main/cocar-backend/vendor/laravel/framework/src/Illuminate/Database/Query/Builder.php(3766): Illuminate\\Database\\Query\\Processors\\MySqlProcessor->processInsertGetId()
#6 /Users/seb/dev/Cocars-main/cocar-backend/vendor/laravel/framework/src/Illuminate/Database/Eloquent/Builder.php(2120): Illuminate\\Database\\Query\\Builder->insertGetId()
#7 /Users/seb/dev/Cocars-main/cocar-backend/vendor/laravel/framework/src/Illuminate/Database/Eloquent/Model.php(1359): Illuminate\\Database\\Eloquent\\Builder->__call()
#8 /Users/seb/dev/Cocars-main/cocar-backend/vendor/laravel/framework/src/Illuminate/Database/Eloquent/Model.php(1324): Illuminate\\Database\\Eloquent\\Model->insertAndSetId()
#9 /Users/seb/dev/Cocars-main/cocar-backend/vendor/laravel/framework/src/Illuminate/Database/Eloquent/Model.php(1163): Illuminate\\Database\\Eloquent\\Model->performInsert()
#10 /Users/seb/dev/Cocars-main/cocar-backend/vendor/laravel/framework/src/Illuminate/Database/Eloquent/Builder.php(1128): Illuminate\\Database\\Eloquent\\Model->save()
#11 /Users/seb/dev/Cocars-main/cocar-backend/vendor/laravel/framework/src/Illuminate/Support/helpers.php(399): Illuminate\\Database\\Eloquent\\Builder->Illuminate\\Database\\Eloquent\\{closure}()
#12 /Users/seb/dev/Cocars-main/cocar-backend/vendor/laravel/framework/src/Illuminate/Database/Eloquent/Builder.php(1127): tap()
#13 /Users/seb/dev/Cocars-main/cocar-backend/vendor/laravel/framework/src/Illuminate/Support/Traits/ForwardsCalls.php(23): Illuminate\\Database\\Eloquent\\Builder->create()
#14 /Users/seb/dev/Cocars-main/cocar-backend/vendor/laravel/framework/src/Illuminate/Database/Eloquent/Model.php(2372): Illuminate\\Database\\Eloquent\\Model->forwardCallTo()
#15 /Users/seb/dev/Cocars-main/cocar-backend/vendor/laravel/framework/src/Illuminate/Database/Eloquent/Model.php(2384): Illuminate\\Database\\Eloquent\\Model->__call()
#16 /Users/seb/dev/Cocars-main/cocar-backend/database/seeders/DatabaseSeeder.php(18): Illuminate\\Database\\Eloquent\\Model::__callStatic()
#17 /Users/seb/dev/Cocars-main/cocar-backend/vendor/laravel/framework/src/Illuminate/Container/BoundMethod.php(36): Database\\Seeders\\DatabaseSeeder->run()
#18 /Users/seb/dev/Cocars-main/cocar-backend/vendor/laravel/framework/src/Illuminate/Container/Util.php(43): Illuminate\\Container\\BoundMethod::Illuminate\\Container\\{closure}()
#19 /Users/seb/dev/Cocars-main/cocar-backend/vendor/laravel/framework/src/Illuminate/Container/BoundMethod.php(95): Illuminate\\Container\\Util::unwrapIfClosure()
#20 /Users/seb/dev/Cocars-main/cocar-backend/vendor/laravel/framework/src/Illuminate/Container/BoundMethod.php(35): Illuminate\\Container\\BoundMethod::callBoundMethod()
#21 /Users/seb/dev/Cocars-main/cocar-backend/vendor/laravel/framework/src/Illuminate/Container/Container.php(696): Illuminate\\Container\\BoundMethod::call()
#22 /Users/seb/dev/Cocars-main/cocar-backend/vendor/laravel/framework/src/Illuminate/Database/Seeder.php(188): Illuminate\\Container\\Container->call()
#23 /Users/seb/dev/Cocars-main/cocar-backend/vendor/laravel/framework/src/Illuminate/Database/Seeder.php(197): Illuminate\\Database\\Seeder->Illuminate\\Database\\{closure}()
#24 /Users/seb/dev/Cocars-main/cocar-backend/vendor/laravel/framework/src/Illuminate/Database/Console/Seeds/SeedCommand.php(70): Illuminate\\Database\\Seeder->__invoke()
#25 /Users/seb/dev/Cocars-main/cocar-backend/vendor/laravel/framework/src/Illuminate/Database/Eloquent/Concerns/GuardsAttributes.php(155): Illuminate\\Database\\Console\\Seeds\\SeedCommand->Illuminate\\Database\\Console\\Seeds\\{closure}()
#26 /Users/seb/dev/Cocars-main/cocar-backend/vendor/laravel/framework/src/Illuminate/Database/Console/Seeds/SeedCommand.php(69): Illuminate\\Database\\Eloquent\\Model::unguarded()
#27 /Users/seb/dev/Cocars-main/cocar-backend/vendor/laravel/framework/src/Illuminate/Container/BoundMethod.php(36): Illuminate\\Database\\Console\\Seeds\\SeedCommand->handle()
#28 /Users/seb/dev/Cocars-main/cocar-backend/vendor/laravel/framework/src/Illuminate/Container/Util.php(43): Illuminate\\Container\\BoundMethod::Illuminate\\Container\\{closure}()
#29 /Users/seb/dev/Cocars-main/cocar-backend/vendor/laravel/framework/src/Illuminate/Container/BoundMethod.php(95): Illuminate\\Container\\Util::unwrapIfClosure()
#30 /Users/seb/dev/Cocars-main/cocar-backend/vendor/laravel/framework/src/Illuminate/Container/BoundMethod.php(35): Illuminate\\Container\\BoundMethod::callBoundMethod()
#31 /Users/seb/dev/Cocars-main/cocar-backend/vendor/laravel/framework/src/Illuminate/Container/Container.php(696): Illuminate\\Container\\BoundMethod::call()
#32 /Users/seb/dev/Cocars-main/cocar-backend/vendor/laravel/framework/src/Illuminate/Console/Command.php(213): Illuminate\\Container\\Container->call()
#33 /Users/seb/dev/Cocars-main/cocar-backend/vendor/symfony/console/Command/Command.php(341): Illuminate\\Console\\Command->execute()
#34 /Users/seb/dev/Cocars-main/cocar-backend/vendor/laravel/framework/src/Illuminate/Console/Command.php(182): Symfony\\Component\\Console\\Command\\Command->run()
#35 /Users/seb/dev/Cocars-main/cocar-backend/vendor/symfony/console/Application.php(1102): Illuminate\\Console\\Command->run()
#36 /Users/seb/dev/Cocars-main/cocar-backend/vendor/symfony/console/Application.php(356): Symfony\\Component\\Console\\Application->doRunCommand()
#37 /Users/seb/dev/Cocars-main/cocar-backend/vendor/symfony/console/Application.php(195): Symfony\\Component\\Console\\Application->doRun()
#38 /Users/seb/dev/Cocars-main/cocar-backend/vendor/laravel/framework/src/Illuminate/Foundation/Console/Kernel.php(198): Symfony\\Component\\Console\\Application->run()
#39 /Users/seb/dev/Cocars-main/cocar-backend/artisan(12): Illuminate\\Foundation\\Console\\Kernel->handle()
#40 {main}
"} 
